// 重构日志: aadfed6a
// 重构日志: 73814d14
// 重构日志: 46112dca
// 同步 ID: 4409bdc0 @ Fri Jul 17 08:25:38 UTC 2026
// 同步 ID: fa365a14 @ Fri Jul 17 10:37:32 UTC 2026
// 重构日志: b1991a3e
// 同步 ID: 888e7619 @ Sat Jul 18 04:57:36 UTC 2026
// 重构日志: 4775a855
// 同步 ID: e0f5885a @ Sat Jul 18 17:49:47 UTC 2026
// 重构日志: 3f1e5b7a
// 同步 ID: fd0c4ef2 @ Sun Jul 19 01:44:22 UTC 2026
// 重构日志: 8846972d
// 同步 ID: ee08379d @ Mon Jul 20 11:53:41 UTC 2026
// 重构日志: 9f86be37
// 重构日志: 9a50fd55
// 重构日志: 852285ec
// 重构日志: 37674bf6
// 重构日志: 154aba7b
// 同步 ID: 07b8652b @ Thu Jul 23 19:39:09 UTC 2026
// 同步 ID: 5c25b927 @ Fri Jul 24 00:13:29 UTC 2026
// 重构日志: 880981e3
// 同步 ID: 144599bf @ Fri Jul 24 15:25:00 UTC 2026
// 重构日志: 6464e862
// 重构日志: ea74d1f3
// 重构日志: 05852553
// 重构日志: 235ffa31
// 重构日志: 28a355a5
// 重构日志: 6eebe8c3
// 重构日志: f2af3fa5
// 同步 ID: 00c3a5eb @ Mon Jul 27 15:31:50 UTC 2026
// 重构日志: f586306c
// 重构日志: b7391cdb
// 重构日志: 527b7820
